======================================================================
RUNNING COMPLETE CLINVAR VUS EDA PIPELINE
======================================================================

======================================================================
RUNNING: 01_load_and_inventory.py
======================================================================
======================================================================
CLINVAR DATASET INVENTORY
======================================================================

Loading binary dataset...
Binary dataset loaded.

Loading VUS dataset...
VUS dataset loaded.

Binary shape:
(368851, 12)

VUS shape:
(369993, 14)

Binary columns:
 - GERP++RS
 - polyphen2_HVAR_score
 - polyphen2_HDIV_score
 - sift_score
 - metaSVM_score
 - alphamissense_pred
 - alphamissense_score
 - metaRNN_score
 - metaLR_score
 - CADD_phred
 - varity_r_score
 - AF_avg

VUS columns:
 - GERP++RS
 - polyphen2_HVAR_score
 - polyphen2_HDIV_score
 - sift_score
 - metaSVM_score
 - alphamissense_score
 - metaRNN_score
 - metaLR_score
 - CADD_phred
 - varity_r_score
 - gnomad_ex_AF
 - gnomad_ge_AF
 - ExAC_AF
 - allele_AF

Dataset summary:
                 Dataset    Rows  Columns  Missing_Values  Duplicate_Rows
0          binary_df.csv  368851       12               0          367512
1  vus_only_variants.csv  369993       14               0          107880

Inventory completed.

======================================================================
RUNNING: 02_quality_control.py
======================================================================
============================================================
QUALITY CONTROL COMPLETE
============================================================

Binary missing:
                 Feature  Missing_Count  Missing_Percent  Completeness_Percent
0               GERP++RS              0              0.0                 100.0
1   polyphen2_HVAR_score              0              0.0                 100.0
2   polyphen2_HDIV_score              0              0.0                 100.0
3             sift_score              0              0.0                 100.0
4          metaSVM_score              0              0.0                 100.0
5     alphamissense_pred              0              0.0                 100.0
6    alphamissense_score              0              0.0                 100.0
7          metaRNN_score              0              0.0                 100.0
8           metaLR_score              0              0.0                 100.0
9             CADD_phred              0              0.0                 100.0
10        varity_r_score              0              0.0                 100.0
11                AF_avg              0              0.0                 100.0

VUS missing:
                 Feature  Missing_Count  Missing_Percent  Completeness_Percent
0               GERP++RS              0              0.0                 100.0
1   polyphen2_HVAR_score              0              0.0                 100.0
2   polyphen2_HDIV_score              0              0.0                 100.0
3             sift_score              0              0.0                 100.0
4          metaSVM_score              0              0.0                 100.0
5    alphamissense_score              0              0.0                 100.0
6          metaRNN_score              0              0.0                 100.0
7           metaLR_score              0              0.0                 100.0
8             CADD_phred              0              0.0                 100.0
9         varity_r_score              0              0.0                 100.0
10          gnomad_ex_AF              0              0.0                 100.0
11          gnomad_ge_AF              0              0.0                 100.0
12               ExAC_AF              0              0.0                 100.0
13             allele_AF              0              0.0                 100.0

Duplicates:
                 Dataset  Total_Rows  Duplicate_Rows  Duplicate_Percent
0          binary_df.csv      368851          367512          99.636981
1  vus_only_variants.csv      369993          107880          29.157308

Infinite values:
             Dataset  Infinite_Values
0          binary_df                0
1  vus_only_variants                0

======================================================================
RUNNING: 03_binary_analysis.py
======================================================================
======================================================================
BINARY FEATURE ANALYSIS
======================================================================
             Feature  Total  Zero_Count  One_Count  Zero_Percent  Positive_Percent
          CADD_phred 368851       37870     330981     10.267018         89.732982
            GERP++RS 368851       42747     326104     11.589233         88.410767
polyphen2_HDIV_score 368851      159477     209374     43.236158         56.763842
              AF_avg 368851      199338     169513     54.042960         45.957040
polyphen2_HVAR_score 368851      202042     166809     54.776048         45.223952
       metaRNN_score 368851      220589     148262     59.804365         40.195635
        metaLR_score 368851      224539     144312     60.875259         39.124741
      varity_r_score 368851      263222     105629     71.362691         28.637309
 alphamissense_score 368851      281226      87625     76.243795         23.756205
       metaSVM_score 368851      296354      72497     80.345180         19.654820
          sift_score 368851      329286      39565     89.273446         10.726554

======================================================================
RUNNING: 04_alphamissense_analysis.py
======================================================================
   AlphaMissense_Class   Count  Percentage
0                  0.0  224626   60.898845
1                  0.5   74124   20.095919
2                  1.0   70101   19.005235

======================================================================
RUNNING: 05_raw_score_analysis.py
======================================================================
Numerical columns:
GERP++RS
polyphen2_HVAR_score
polyphen2_HDIV_score
sift_score
metaSVM_score
alphamissense_score
metaRNN_score
metaLR_score
CADD_phred
varity_r_score
gnomad_ex_AF
gnomad_ge_AF
ExAC_AF
allele_AF

Descriptive statistics:
                       min   25%   50%       mean   75%   max       std
GERP++RS             -12.0   2.0   4.0   2.424585   5.0   6.0  4.199766
polyphen2_HVAR_score   0.0   0.0   0.0   0.466205   1.0   1.0  0.498896
polyphen2_HDIV_score   0.0   0.0   1.0   0.662576   1.0   1.0  0.472844
sift_score             0.0   0.0   0.0   0.198091   0.0   1.0  0.398581
metaSVM_score         -1.0  -1.0  -1.0  -0.526316   0.0   1.0  0.791179
alphamissense_score    1.0   1.0   1.0   1.000000   1.0   1.0  0.000000
metaRNN_score          NaN   NaN   NaN        NaN   NaN   NaN       NaN
metaLR_score           0.0   0.0   0.0   0.142857   0.0   1.0  0.363137
CADD_phred             1.0  24.0  30.0  28.441506  32.0  49.0  4.544651
varity_r_score         0.0   0.0   0.0   0.000000   0.0   0.0  0.000000
gnomad_ex_AF           0.0   0.0   0.0   0.000000   0.0   0.0  0.000000
gnomad_ge_AF           0.0   0.0   0.0   0.000000   0.0   0.0  0.000000
ExAC_AF                0.0   0.0   0.0   0.000000   0.0   0.0  0.000000
allele_AF              NaN   NaN   NaN        NaN   NaN   NaN       NaN

Distribution statistics:
                 Feature  Skewness  Kurtosis
0               GERP++RS -2.106313  3.655399
1   polyphen2_HVAR_score  0.135492 -1.981642
2   polyphen2_HDIV_score -0.687669 -1.527111
3             sift_score  1.514995  0.295211
4          metaSVM_score  1.225188 -0.265117
5    alphamissense_score       NaN       NaN
6          metaRNN_score       NaN       NaN
7           metaLR_score  2.041241  2.166667
8             CADD_phred -0.558820 -0.319297
9         varity_r_score       NaN       NaN
10          gnomad_ex_AF       NaN       NaN
11          gnomad_ge_AF       NaN       NaN
12               ExAC_AF       NaN       NaN
13             allele_AF       NaN       NaN

======================================================================
RUNNING: 06_correlation_analysis.py
======================================================================
Correlation analysis completed.

======================================================================
RUNNING: 07_allele_frequency.py
======================================================================
Allele frequency columns:
gnomad_ex_AF
gnomad_ge_AF
ExAC_AF
allele_AF
        Feature   Count  Minimum  ...  Zero_Percent  Below_1e-5  Below_1e-5_Percent
0  gnomad_ex_AF   17929      0.0  ...         100.0       17929               100.0
1  gnomad_ge_AF  155843      0.0  ...         100.0      155843               100.0
2       ExAC_AF  183126      0.0  ...         100.0      183126               100.0
3     allele_AF       0      NaN  ...           0.0           0                 0.0

[4 rows x 10 columns]

======================================================================
RUNNING: 08_concordance.py
======================================================================
Binary predictors:
GERP++RS
polyphen2_HVAR_score
polyphen2_HDIV_score
sift_score
metaSVM_score
alphamissense_score
metaRNN_score
metaLR_score
CADD_phred
varity_r_score
AF_avg

Concordance:
    Number_of_Positive_Tools  Variant_Count  Percentage
0                          0           7356    1.994301
1                          1          18896    5.122936
2                          2          47006   12.743899
3                          3          63225   17.141068
4                          4          50341   13.648058
5                          5          38757   10.507495
6                          6          34295    9.297792
7                          7          34681    9.402442
8                          8          31371    8.505060
9                          9          25804    6.995779
10                        10          17111    4.639001
11                        11              8    0.002169

Groups:
                       Group   Count  Percentage
0               Low/Moderate  113566   30.789126
1         Moderate Consensus  107733   29.207729
2  High Consensus Pathogenic   74294   20.142009
3      High Consensus Benign   73258   19.861136

======================================================================
RUNNING: 09_visualizations.py
======================================================================
============================================================
ALL VISUALIZATIONS GENERATED
============================================================
01_binary_feature_positive_rates.png
02_binary_correlation_heatmap.png
03_alphamissense_pred_breakdown.png
04_vus_missing_data_profile.png
05_vus_raw_score_distributions.png
06_vus_allele_frequency_spectrum.png
07_binary_tool_concordance_spectrum.png
08_dataset_comparison_overview.png

======================================================================
RUNNING: 10_validation.py
======================================================================
======================================================================
CLINVAR VUS EDA FINAL VALIDATION
======================================================================

[1] FILE CHECK
PASS: D:\FINAL_DATA_CLINVAR_VUS\AUGUST TASK1\binary_df.csv
PASS: D:\FINAL_DATA_CLINVAR_VUS\AUGUST TASK1\vus_only_variants.csv

[2] DATASET SHAPE
Binary: (368851, 12)
VUS: (369993, 14)

[3] MISSING VALUES
Binary: 0
VUS: 4739575

[4] DUPLICATES
Binary: 367512
VUS: 368896

[5] NUMERICAL FEATURES
 - GERP++RS
 - polyphen2_HVAR_score
 - polyphen2_HDIV_score
 - sift_score
 - metaSVM_score
 - alphamissense_score
 - metaRNN_score
 - metaLR_score
 - CADD_phred
 - varity_r_score
 - gnomad_ex_AF
 - gnomad_ge_AF
 - ExAC_AF
 - allele_AF

[6] ALPHAMISSENSE
alphamissense_pred
0.0    224626
0.5     74124
1.0     70101
Name: count, dtype: int64

[7] VISUAL CHECK
PASS: 01_binary_feature_positive_rates.png
PASS: 02_binary_correlation_heatmap.png
PASS: 03_alphamissense_pred_breakdown.png
PASS: 04_vus_missing_data_profile.png
PASS: 05_vus_raw_score_distributions.png
PASS: 06_vus_allele_frequency_spectrum.png
PASS: 07_binary_tool_concordance_spectrum.png
PASS: 08_dataset_comparison_overview.png

[8] RESULT FILE CHECK
PASS: dataset_summary.csv
PASS: binary_positive_rates.csv
PASS: continuous_statistics.csv
PASS: distribution_statistics.csv
PASS: binary_correlation.csv
PASS: raw_correlation.csv
PASS: raw_spearman_correlation.csv
PASS: allele_frequency_summary.csv
PASS: tool_concordance.csv
PASS: concordance_groups.csv

======================================================================
FINAL STATUS: PASS
======================================================================


======================================================================
COMPLETE PIPELINE FINISHED
======================================================================